Copyright 1986-2014 Xilinx, Inc. All Rights Reserved.
-----------------------------------------------------------------------------------------------------------------------
| Tool Version : Vivado v.2014.4 (win64) Build 1071353 Tue Nov 18 18:24:04 MST 2014
| Date         : Wed Mar 02 11:32:47 2016
| Host         : TELOPS212 running 64-bit Service Pack 1  (build 7601)
| Command      : report_utilization -file d:/Telops/fir-00257-Storage/reports/fir_00257_Storage_utilization_placed.rpt
| Design       : fir_257_top
| Device       : xc7k160t
| Design State : Routed
-----------------------------------------------------------------------------------------------------------------------

Utilization Design Information

Table of Contents
-----------------
1. Slice Logic
1.1 Summary of Registers by Type
2. Slice Logic Distribution
3. Memory
4. DSP
5. IO and GT Specific
6. Clocking
7. Specific Feature
8. Primitives
9. Black Boxes
10. Instantiated Netlists

1. Slice Logic
--------------

+----------------------------+-------+-------+-----------+-------+
|          Site Type         |  Used | Fixed | Available | Util% |
+----------------------------+-------+-------+-----------+-------+
| Slice LUTs                 | 43095 |     0 |    101400 | 42.50 |
|   LUT as Logic             | 37163 |     0 |    101400 | 36.64 |
|   LUT as Memory            |  5932 |     0 |     35000 | 16.94 |
|     LUT as Distributed RAM |  4320 |     0 |           |       |
|     LUT as Shift Register  |  1612 |     0 |           |       |
| Slice Registers            | 44009 |     4 |    202800 | 21.70 |
|   Register as Flip Flop    | 44008 |     4 |    202800 | 21.70 |
|   Register as Latch        |     0 |     0 |    202800 |  0.00 |
|   Register as AND/OR       |     1 |     0 |    202800 | <0.01 |
| F7 Muxes                   |   980 |     0 |     50700 |  1.93 |
| F8 Muxes                   |    23 |     0 |     25350 |  0.09 |
+----------------------------+-------+-------+-----------+-------+


1.1 Summary of Registers by Type
--------------------------------

+-------+--------------+-------------+--------------+
| Total | Clock Enable | Synchronous | Asynchronous |
+-------+--------------+-------------+--------------+
| 1     |            _ |           - |            - |
| 0     |            _ |           - |          Set |
| 0     |            _ |           - |        Reset |
| 0     |            _ |         Set |            - |
| 0     |            _ |       Reset |            - |
| 0     |          Yes |           - |            - |
| 624   |          Yes |           - |          Set |
| 2513  |          Yes |           - |        Reset |
| 1683  |          Yes |         Set |            - |
| 39192 |          Yes |       Reset |            - |
+-------+--------------+-------------+--------------+


2. Slice Logic Distribution
---------------------------

+-------------------------------------------------------------+------------+-------+-----------+-------+
|                          Site Type                          |    Used    | Fixed | Available | Util% |
+-------------------------------------------------------------+------------+-------+-----------+-------+
| Slice                                                       |      15559 |     0 |     25350 | 61.37 |
|   SLICEL                                                    |      10031 |     0 |           |       |
|   SLICEM                                                    |       5528 |     0 |           |       |
| LUT as Logic                                                |      37163 |     0 |    101400 | 36.64 |
|   using O5 output only                                      |          5 |       |           |       |
|   using O6 output only                                      |      27521 |       |           |       |
|   using O5 and O6                                           |       9637 |       |           |       |
| LUT as Memory                                               |       5932 |     0 |     35000 | 16.94 |
|   LUT as Distributed RAM                                    |       4320 |     0 |           |       |
|     using O5 output only                                    |          0 |       |           |       |
|     using O6 output only                                    |         64 |       |           |       |
|     using O5 and O6                                         |       4256 |       |           |       |
|   LUT as Shift Register                                     |       1612 |     0 |           |       |
|     using O5 output only                                    |         41 |       |           |       |
|     using O6 output only                                    |       1226 |       |           |       |
|     using O5 and O6                                         |        345 |       |           |       |
| LUT Flip Flop Pairs                                         |      52683 |     0 |    101400 | 51.95 |
|   fully used LUT-FF pairs                                   |      23951 |       |           |       |
|   LUT-FF pairs with unused LUT                              |       9634 |       |           |       |
|   LUT-FF pairs with unused Flip Flop                        |      19098 |       |           |       |
| Unique Control Sets                                         |       1807 |       |           |       |
| Minimum number of registers lost to control set restriction | 5896(Lost) |       |           |       |
+-------------------------------------------------------------+------------+-------+-----------+-------+


3. Memory
---------

+-------------------+------+-------+-----------+-------+
|     Site Type     | Used | Fixed | Available | Util% |
+-------------------+------+-------+-----------+-------+
| Block RAM Tile    |   85 |     0 |       325 | 26.15 |
|   RAMB36/FIFO*    |   66 |     0 |       325 | 20.30 |
|     RAMB36E1 only |   66 |       |           |       |
|   RAMB18          |   38 |     0 |       650 |  5.84 |
|     RAMB18E1 only |   38 |       |           |       |
+-------------------+------+-------+-----------+-------+
* Note: Each Block RAM Tile only has one FIFO logic available and therefore can accommodate only one FIFO36E1 or one FIFO18E1. However, if a FIFO18E1 occupies a Block RAM Tile, that tile can still accommodate a RAMB18E1


4. DSP
------

+----------------+------+-------+-----------+-------+
|    Site Type   | Used | Fixed | Available | Util% |
+----------------+------+-------+-----------+-------+
| DSPs           |   20 |     0 |       600 |  3.33 |
|   DSP48E1 only |   20 |       |           |       |
+----------------+------+-------+-----------+-------+


5. IO and GT Specific
---------------------

+-----------------------------+------+-------+-----------+-------+
|          Site Type          | Used | Fixed | Available | Util% |
+-----------------------------+------+-------+-----------+-------+
| Bonded IOB                  |  258 |   258 |       400 | 64.50 |
|   IOB Master Pads           |  138 |       |           |       |
|   IOB Slave Pads            |  120 |       |           |       |
|   IOB Flip Flops            |    4 |     4 |           |       |
| Bonded IPADs                |    6 |     6 |        26 | 23.07 |
| Bonded OPADs                |    4 |     4 |        16 | 25.00 |
| PHY_CONTROL                 |    6 |     6 |         8 | 75.00 |
| PHASER_REF                  |    6 |     6 |         8 | 75.00 |
| OUT_FIFO                    |   22 |    22 |        32 | 68.75 |
| IN_FIFO                     |   16 |    16 |        32 | 50.00 |
| IDELAYCTRL                  |    4 |     0 |         8 | 50.00 |
| IBUFGDS                     |    0 |     0 |       384 |  0.00 |
| GTXE2_COMMON                |    1 |     0 |         2 | 50.00 |
| GTXE2_CHANNEL               |    2 |     2 |         8 | 25.00 |
| PHASER_OUT/PHASER_OUT_PHY   |   22 |    22 |        32 | 68.75 |
|   PHASER_OUT_PHY only       |   22 |    22 |           |       |
| PHASER_IN/PHASER_IN_PHY     |   16 |    16 |        32 | 50.00 |
|   PHASER_IN_PHY only        |   16 |    16 |           |       |
| IDELAYE2/IDELAYE2_FINEDELAY |  128 |   128 |       400 | 32.00 |
|   IDELAYE2 only             |  128 |   128 |           |       |
| ODELAYE2/ODELAYE2_FINEDELAY |    0 |     0 |       150 |  0.00 |
| IBUFDS_GTE2                 |    1 |     1 |         4 | 25.00 |
| ILOGIC                      |  148 |   148 |       400 | 37.00 |
|   IFF_Register              |    4 |     4 |           |       |
|   IFF_IDDR_Register         |   16 |    16 |           |       |
|   ISERDES                   |  128 |   128 |           |       |
| OLOGIC                      |  236 |   236 |       400 | 59.00 |
|   OUTFF_ODDR_Register       |   20 |    20 |           |       |
|   TFF_ODDR_Register         |   16 |    16 |           |       |
|   OSERDES                   |  216 |   216 |           |       |
+-----------------------------+------+-------+-----------+-------+


6. Clocking
-----------

+------------+------+-------+-----------+-------+
|  Site Type | Used | Fixed | Available | Util% |
+------------+------+-------+-----------+-------+
| BUFGCTRL   |   12 |     0 |        32 | 37.50 |
| BUFIO      |    0 |     0 |        32 |  0.00 |
| MMCME2_ADV |    3 |     2 |         8 | 37.50 |
| PLLE2_ADV  |    2 |     2 |         8 | 25.00 |
| BUFMRCE    |    0 |     0 |        16 |  0.00 |
| BUFHCE     |    2 |     0 |       120 |  1.66 |
| BUFR       |    0 |     0 |        32 |  0.00 |
+------------+------+-------+-----------+-------+


7. Specific Feature
-------------------

+-------------+------+-------+-----------+--------+
|  Site Type  | Used | Fixed | Available |  Util% |
+-------------+------+-------+-----------+--------+
| BSCANE2     |    1 |     0 |         4 |  25.00 |
| CAPTUREE2   |    0 |     0 |         1 |   0.00 |
| DNA_PORT    |    0 |     0 |         1 |   0.00 |
| EFUSE_USR   |    0 |     0 |         1 |   0.00 |
| FRAME_ECCE2 |    0 |     0 |         1 |   0.00 |
| ICAPE2      |    0 |     0 |         2 |   0.00 |
| PCIE_2_1    |    0 |     0 |         1 |   0.00 |
| STARTUPE2   |    1 |     0 |         1 | 100.00 |
| XADC        |    1 |     0 |         1 | 100.00 |
+-------------+------+-------+-----------+--------+


8. Primitives
-------------

+--------------------------+-------+---------------------+
|         Ref Name         |  Used | Functional Category |
+--------------------------+-------+---------------------+
| FDRE                     | 39192 |        Flop & Latch |
| LUT3                     | 12914 |                 LUT |
| LUT6                     | 12099 |                 LUT |
| LUT5                     | 10097 |                 LUT |
| RAMD32                   |  6400 |  Distributed Memory |
| LUT4                     |  5932 |                 LUT |
| LUT2                     |  4436 |                 LUT |
| FDCE                     |  2513 |        Flop & Latch |
| RAMS32                   |  2112 |  Distributed Memory |
| FDSE                     |  1683 |        Flop & Latch |
| LUT1                     |  1322 |                 LUT |
| SRLC32E                  |  1114 |  Distributed Memory |
| CARRY4                   |  1039 |          CarryLogic |
| MUXF7                    |   980 |               MuxFx |
| SRL16E                   |   836 |  Distributed Memory |
| FDPE                     |   624 |        Flop & Latch |
| OSERDESE2                |   216 |                  IO |
| ISERDESE2                |   128 |                  IO |
| IDELAYE2                 |   128 |                  IO |
| OBUFT                    |    85 |                  IO |
| RAMB36E1                 |    66 |        Block Memory |
| OBUF                     |    66 |                  IO |
| RAMD64E                  |    64 |  Distributed Memory |
| OBUFT_DCIEN              |    64 |                  IO |
| IBUF_INTERMDISABLE       |    64 |                  IO |
| IBUF_IBUFDISABLE         |    64 |                  IO |
| RAMB18E1                 |    38 |        Block Memory |
| ODDR                     |    36 |                  IO |
| MUXF8                    |    23 |               MuxFx |
| PHASER_OUT_PHY           |    22 |                  IO |
| OUT_FIFO                 |    22 |                  IO |
| INV                      |    20 |                 LUT |
| DSP48E1                  |    20 |    Block Arithmetic |
| PHASER_IN_PHY            |    16 |                  IO |
| OBUFTDS_DCIEN            |    16 |                  IO |
| OBUFTDS                  |    16 |                  IO |
| IN_FIFO                  |    16 |                  IO |
| IDDR                     |    16 |                  IO |
| IBUFDS_INTERMDISABLE_INT |    16 |                  IO |
| IBUFDS_IBUFDISABLE_INT   |    16 |                  IO |
| IBUF                     |    14 |                  IO |
| BUFG                     |    12 |               Clock |
| OBUFDS                   |     8 |                  IO |
| SRLC16E                  |     7 |  Distributed Memory |
| PHY_CONTROL              |     6 |                  IO |
| PHASER_REF               |     6 |                  IO |
| IDELAYCTRL               |     4 |                  IO |
| MMCME2_ADV               |     3 |               Clock |
| PLLE2_ADV                |     2 |               Clock |
| IBUFDS                   |     2 |                  IO |
| GTXE2_CHANNEL            |     2 |                  IO |
| BUFH                     |     2 |               Clock |
| XADC                     |     1 |              Others |
| STARTUPE2                |     1 |              Others |
| IBUFDS_GTE2              |     1 |                  IO |
| GTXE2_COMMON             |     1 |                  IO |
| BSCANE2                  |     1 |              Others |
| AND2B1L                  |     1 |              Others |
+--------------------------+-------+---------------------+


9. Black Boxes
--------------

+----------+------+
| Ref Name | Used |
+----------+------+


10. Instantiated Netlists
-------------------------

+----------+------+
| Ref Name | Used |
+----------+------+


