Copyright 1986-2018 Xilinx, Inc. All Rights Reserved.
-------------------------------------------------------------------------------------------------------------------
| Tool Version     : Vivado v.2018.3_AR71948_AR71898 (win64) Build 2405991 Thu Dec  6 23:38:27 MST 2018
| Date             : Mon Jun 17 12:11:59 2024
| Host             : Telops332 running 64-bit major release  (build 9200)
| Command          : report_power -file d:/Telops/fir-00257-Storage/reports/fir_00257_Storage_16_power.rpt
| Design           : fir_257_top
| Device           : xc7k160tfbg676-1
| Design State     : routed
| Grade            : industrial
| Process          : typical
| Characterization : Production
-------------------------------------------------------------------------------------------------------------------

Power Report

Table of Contents
-----------------
1. Summary
1.1 On-Chip Components
1.2 Power Supply Summary
1.3 Confidence Level
2. Settings
2.1 Environment
2.2 Clock Constraints
3. Detailed Reports
3.1 By Hierarchy

1. Summary
----------

+--------------------------+--------------+
| Total On-Chip Power (W)  | 4.816        |
| Design Power Budget (W)  | Unspecified* |
| Power Budget Margin (W)  | NA           |
| Dynamic (W)              | 4.662        |
| Device Static (W)        | 0.155        |
| Effective TJA (C/W)      | 1.9          |
| Max Ambient (C)          | 91.0         |
| Junction Temperature (C) | 34.0         |
| Confidence Level         | Low          |
| Setting File             | ---          |
| Simulation Activity File | ---          |
| Design Nets Matched      | NA           |
+--------------------------+--------------+
* Specify Design Power Budget using, set_operating_conditions -design_power_budget <value in Watts>


1.1 On-Chip Components
----------------------

+--------------------------+-----------+----------+-----------+-----------------+
| On-Chip                  | Power (W) | Used     | Available | Utilization (%) |
+--------------------------+-----------+----------+-----------+-----------------+
| Clocks                   |     0.261 |      104 |       --- |             --- |
| Slice Logic              |     0.081 |   140911 |       --- |             --- |
|   LUT as Logic           |     0.065 |    41149 |    101400 |           40.58 |
|   LUT as Distributed RAM |     0.008 |     8556 |     35000 |           24.45 |
|   Register               |     0.006 |    63823 |    202800 |           31.47 |
|   CARRY4                 |     0.002 |      995 |     25350 |            3.93 |
|   LUT as Shift Register  |    <0.001 |     2194 |     35000 |            6.27 |
|   F7/F8 Muxes            |    <0.001 |      738 |    101400 |            0.73 |
|   Others                 |    <0.001 |     2687 |       --- |             --- |
| Signals                  |     0.189 |   109162 |       --- |             --- |
| Block RAM                |     0.110 |    186.5 |       325 |           57.38 |
| MMCM                     |     0.419 |        4 |         8 |           50.00 |
| PLL                      |     0.185 |        2 |         8 |           25.00 |
| DSPs                     |     0.002 |       16 |       600 |            2.67 |
| I/O                      |     2.023 |      260 |       400 |           65.00 |
| GTX                      |     0.606 |        2 |         8 |           25.00 |
| PHASER                   |     0.784 |       88 |       --- |             --- |
| XADC                     |     0.002 |        1 |       --- |             --- |
| Static Power             |     0.155 |          |           |                 |
| Total                    |     4.816 |          |           |                 |
+--------------------------+-----------+----------+-----------+-----------------+


1.2 Power Supply Summary
------------------------

+-----------+-------------+-----------+-------------+------------+
| Source    | Voltage (V) | Total (A) | Dynamic (A) | Static (A) |
+-----------+-------------+-----------+-------------+------------+
| Vccint    |       1.000 |     0.995 |       0.933 |      0.062 |
| Vccaux    |       1.800 |     1.092 |       1.073 |      0.019 |
| Vcco33    |       3.300 |     0.001 |       0.000 |      0.001 |
| Vcco25    |       2.500 |     0.000 |       0.000 |      0.000 |
| Vcco18    |       1.800 |     0.000 |       0.000 |      0.000 |
| Vcco15    |       1.500 |     0.828 |       0.827 |      0.001 |
| Vcco135   |       1.350 |     0.000 |       0.000 |      0.000 |
| Vcco12    |       1.200 |     0.000 |       0.000 |      0.000 |
| Vccaux_io |       1.800 |     0.000 |       0.000 |      0.000 |
| Vccbram   |       1.000 |     0.011 |       0.006 |      0.006 |
| MGTAVcc   |       1.000 |     0.345 |       0.339 |      0.006 |
| MGTAVtt   |       1.200 |     0.180 |       0.175 |      0.005 |
| MGTVccaux |       1.800 |     0.000 |       0.000 |      0.000 |
| Vccadc    |       1.800 |     0.021 |       0.001 |      0.020 |
+-----------+-------------+-----------+-------------+------------+


1.3 Confidence Level
--------------------

+-----------------------------+------------+--------------------------------------------------------+------------------------------------------------------------------------------------------------------------+
| User Input Data             | Confidence | Details                                                | Action                                                                                                     |
+-----------------------------+------------+--------------------------------------------------------+------------------------------------------------------------------------------------------------------------+
| Design implementation state | High       | Design is routed                                       |                                                                                                            |
| Clock nodes activity        | High       | User specified more than 95% of clocks                 |                                                                                                            |
| I/O nodes activity          | Low        | More than 75% of inputs are missing user specification | Provide missing input activity with simulation results or by editing the "By Resource Type -> I/Os" view   |
| Internal nodes activity     | Medium     | User specified less than 25% of internal nodes         | Provide missing internal nodes activity with simulation results or by editing the "By Resource Type" views |
| Device models               | High       | Device models are Production                           |                                                                                                            |
|                             |            |                                                        |                                                                                                            |
| Overall confidence level    | Low        |                                                        |                                                                                                            |
+-----------------------------+------------+--------------------------------------------------------+------------------------------------------------------------------------------------------------------------+


2. Settings
-----------

2.1 Environment
---------------

+-----------------------+--------------------------+
| Ambient Temp (C)      | 25.0                     |
| ThetaJA (C/W)         | 1.9                      |
| Airflow (LFM)         | 250                      |
| Heat Sink             | medium (Medium Profile)  |
| ThetaSA (C/W)         | 3.4                      |
| Board Selection       | medium (10"x10")         |
| # of Board Layers     | 12to15 (12 to 15 Layers) |
| Board Temperature (C) | 25.0                     |
+-----------------------+--------------------------+


2.2 Clock Constraints
---------------------

+-------------------------------------------------------------------------------------------------------------------------------------------------------------+--------------------------------------------------------------------------------------------------------------------------------------------------------------------------------------------------------------------------------------------------+-----------------+
| Clock                                                                                                                                                       | Domain                                                                                                                                                                                                                                           | Constraint (ns) |
+-------------------------------------------------------------------------------------------------------------------------------------------------------------+--------------------------------------------------------------------------------------------------------------------------------------------------------------------------------------------------------------------------------------------------+-----------------+
| CLK_DATA                                                                                                                                                    | CORE_BD/core_wrapper_i/core_i/clk_wiz_1/inst/clk_out2_core_clk_wiz_1_0                                                                                                                                                                           |            11.8 |
| CLK_MB                                                                                                                                                      | CORE_BD/core_wrapper_i/core_i/clk_wiz_1/inst/clk_out1_core_clk_wiz_1_0                                                                                                                                                                           |            10.0 |
| CLK_MGT_INIT                                                                                                                                                | CORE_BD/core_wrapper_i/core_i/clk_wiz_1/inst/clk_out3_core_clk_wiz_1_0                                                                                                                                                                           |            20.0 |
| CORE_BD/core_wrapper_i/core_i/MCU/mdm_1/U0/Use_E2.BSCAN_I/Use_E2.BSCANE2_I/DRCK                                                                             | CORE_BD/core_wrapper_i/core_i/MCU/mdm_1/U0/Use_E2.BSCAN_I/DRCK                                                                                                                                                                                   |            33.3 |
| CORE_BD/core_wrapper_i/core_i/MCU/mdm_1/U0/Use_E2.BSCAN_I/Use_E2.BSCANE2_I/UPDATE                                                                           | CORE_BD/core_wrapper_i/core_i/MCU/mdm_1/U0/Use_E2.BSCAN_I/Ext_JTAG_UPDATE                                                                                                                                                                        |            33.3 |
| DIMM0_UI_CLK                                                                                                                                                | CORE_BD/core_wrapper_i/core_i/MemoryBuffer/dimm0_ctrl/u_core_dimm0_ctrl_0_mig/u_ddr3_infrastructure/clk_pll_i                                                                                                                                    |            10.0 |
| DIMM1_UI_CLK                                                                                                                                                | CORE_BD/core_wrapper_i/core_i/MemoryBuffer/dimm1_ctrl/u_core_dimm1_ctrl_0_mig/u_ddr3_infrastructure/clk_pll_i                                                                                                                                    |            10.0 |
| MGT/MGT/EXP/inst/exp_mgt_wrapper_i/exp_mgt_multi_gt_i/exp_mgt_gtx_inst/gtxe2_i/RXOUTCLK                                                                     | MGT/MGT/EXP/inst/exp_mgt_wrapper_i/exp_mgt_multi_gt_i/exp_mgt_gtx_inst/rxrecclk_from_gtx_i                                                                                                                                                       |             5.1 |
| MGT/MGT/EXP/inst/exp_mgt_wrapper_i/exp_mgt_multi_gt_i/exp_mgt_gtx_inst/gtxe2_i/TXOUTCLK                                                                     | MGT/MGT/EXP/inst/exp_mgt_wrapper_i/exp_mgt_multi_gt_i/exp_mgt_gtx_inst/tx_out_clk                                                                                                                                                                |             5.1 |
| MGT_CLK                                                                                                                                                     | RCLKC_P                                                                                                                                                                                                                                          |             8.0 |
| SYSCLK_0_P                                                                                                                                                  | SYSCLK_0_P                                                                                                                                                                                                                                       |             5.0 |
| SYSCLK_1_P                                                                                                                                                  | SYSCLK_1_P                                                                                                                                                                                                                                       |             5.0 |
| clkfbout                                                                                                                                                    | MGT/MGT/EXP_CLOCK/U1/clkfbout                                                                                                                                                                                                                    |             5.1 |
| clkfbout_core_clk_wiz_1_0                                                                                                                                   | CORE_BD/core_wrapper_i/core_i/clk_wiz_1/inst/clkfbout_core_clk_wiz_1_0                                                                                                                                                                           |            10.0 |
| freq_refclk                                                                                                                                                 | CORE_BD/core_wrapper_i/core_i/MemoryBuffer/dimm0_ctrl/u_core_dimm0_ctrl_0_mig/u_ddr3_infrastructure/freq_refclk                                                                                                                                  |             1.3 |
| freq_refclk_1                                                                                                                                               | CORE_BD/core_wrapper_i/core_i/MemoryBuffer/dimm1_ctrl/u_core_dimm1_ctrl_0_mig/u_ddr3_infrastructure/freq_refclk                                                                                                                                  |             1.2 |
| iserdes_clkdiv                                                                                                                                              | CORE_BD/core_wrapper_i/core_i/MemoryBuffer/dimm0_ctrl/u_core_dimm0_ctrl_0_mig/u_memc_ui_top_axi/mem_intfc0/ddr_phy_top0/u_ddr_mc_phy_wrapper/u_ddr_mc_phy/ddr_phy_4lanes_0.u_ddr_phy_4lanes/ddr_byte_lane_A.ddr_byte_lane_A/iserdes_clkdiv       |            10.0 |
| iserdes_clkdiv_1                                                                                                                                            | CORE_BD/core_wrapper_i/core_i/MemoryBuffer/dimm0_ctrl/u_core_dimm0_ctrl_0_mig/u_memc_ui_top_axi/mem_intfc0/ddr_phy_top0/u_ddr_mc_phy_wrapper/u_ddr_mc_phy/ddr_phy_4lanes_0.u_ddr_phy_4lanes/ddr_byte_lane_B.ddr_byte_lane_B/iserdes_clkdiv       |            10.0 |
| iserdes_clkdiv_10                                                                                                                                           | CORE_BD/core_wrapper_i/core_i/MemoryBuffer/dimm1_ctrl/u_core_dimm1_ctrl_0_mig/u_memc_ui_top_axi/mem_intfc0/ddr_phy_top0/u_ddr_mc_phy_wrapper/u_ddr_mc_phy/ddr_phy_4lanes_0.u_ddr_phy_4lanes/ddr_byte_lane_C.ddr_byte_lane_C/iserdes_clkdiv       |            10.0 |
| iserdes_clkdiv_11                                                                                                                                           | CORE_BD/core_wrapper_i/core_i/MemoryBuffer/dimm1_ctrl/u_core_dimm1_ctrl_0_mig/u_memc_ui_top_axi/mem_intfc0/ddr_phy_top0/u_ddr_mc_phy_wrapper/u_ddr_mc_phy/ddr_phy_4lanes_0.u_ddr_phy_4lanes/ddr_byte_lane_D.ddr_byte_lane_D/iserdes_clkdiv       |            10.0 |
| iserdes_clkdiv_12                                                                                                                                           | CORE_BD/core_wrapper_i/core_i/MemoryBuffer/dimm1_ctrl/u_core_dimm1_ctrl_0_mig/u_memc_ui_top_axi/mem_intfc0/ddr_phy_top0/u_ddr_mc_phy_wrapper/u_ddr_mc_phy/ddr_phy_4lanes_2.u_ddr_phy_4lanes/ddr_byte_lane_A.ddr_byte_lane_A/iserdes_clkdiv       |            10.0 |
| iserdes_clkdiv_13                                                                                                                                           | CORE_BD/core_wrapper_i/core_i/MemoryBuffer/dimm1_ctrl/u_core_dimm1_ctrl_0_mig/u_memc_ui_top_axi/mem_intfc0/ddr_phy_top0/u_ddr_mc_phy_wrapper/u_ddr_mc_phy/ddr_phy_4lanes_2.u_ddr_phy_4lanes/ddr_byte_lane_B.ddr_byte_lane_B/iserdes_clkdiv       |            10.0 |
| iserdes_clkdiv_14                                                                                                                                           | CORE_BD/core_wrapper_i/core_i/MemoryBuffer/dimm1_ctrl/u_core_dimm1_ctrl_0_mig/u_memc_ui_top_axi/mem_intfc0/ddr_phy_top0/u_ddr_mc_phy_wrapper/u_ddr_mc_phy/ddr_phy_4lanes_2.u_ddr_phy_4lanes/ddr_byte_lane_C.ddr_byte_lane_C/iserdes_clkdiv       |            10.0 |
| iserdes_clkdiv_15                                                                                                                                           | CORE_BD/core_wrapper_i/core_i/MemoryBuffer/dimm1_ctrl/u_core_dimm1_ctrl_0_mig/u_memc_ui_top_axi/mem_intfc0/ddr_phy_top0/u_ddr_mc_phy_wrapper/u_ddr_mc_phy/ddr_phy_4lanes_2.u_ddr_phy_4lanes/ddr_byte_lane_D.ddr_byte_lane_D/iserdes_clkdiv       |            10.0 |
| iserdes_clkdiv_2                                                                                                                                            | CORE_BD/core_wrapper_i/core_i/MemoryBuffer/dimm0_ctrl/u_core_dimm0_ctrl_0_mig/u_memc_ui_top_axi/mem_intfc0/ddr_phy_top0/u_ddr_mc_phy_wrapper/u_ddr_mc_phy/ddr_phy_4lanes_0.u_ddr_phy_4lanes/ddr_byte_lane_C.ddr_byte_lane_C/iserdes_clkdiv       |            10.0 |
| iserdes_clkdiv_3                                                                                                                                            | CORE_BD/core_wrapper_i/core_i/MemoryBuffer/dimm0_ctrl/u_core_dimm0_ctrl_0_mig/u_memc_ui_top_axi/mem_intfc0/ddr_phy_top0/u_ddr_mc_phy_wrapper/u_ddr_mc_phy/ddr_phy_4lanes_0.u_ddr_phy_4lanes/ddr_byte_lane_D.ddr_byte_lane_D/iserdes_clkdiv       |            10.0 |
| iserdes_clkdiv_4                                                                                                                                            | CORE_BD/core_wrapper_i/core_i/MemoryBuffer/dimm0_ctrl/u_core_dimm0_ctrl_0_mig/u_memc_ui_top_axi/mem_intfc0/ddr_phy_top0/u_ddr_mc_phy_wrapper/u_ddr_mc_phy/ddr_phy_4lanes_2.u_ddr_phy_4lanes/ddr_byte_lane_A.ddr_byte_lane_A/iserdes_clkdiv       |            10.0 |
| iserdes_clkdiv_5                                                                                                                                            | CORE_BD/core_wrapper_i/core_i/MemoryBuffer/dimm0_ctrl/u_core_dimm0_ctrl_0_mig/u_memc_ui_top_axi/mem_intfc0/ddr_phy_top0/u_ddr_mc_phy_wrapper/u_ddr_mc_phy/ddr_phy_4lanes_2.u_ddr_phy_4lanes/ddr_byte_lane_B.ddr_byte_lane_B/iserdes_clkdiv       |            10.0 |
| iserdes_clkdiv_6                                                                                                                                            | CORE_BD/core_wrapper_i/core_i/MemoryBuffer/dimm0_ctrl/u_core_dimm0_ctrl_0_mig/u_memc_ui_top_axi/mem_intfc0/ddr_phy_top0/u_ddr_mc_phy_wrapper/u_ddr_mc_phy/ddr_phy_4lanes_2.u_ddr_phy_4lanes/ddr_byte_lane_C.ddr_byte_lane_C/iserdes_clkdiv       |            10.0 |
| iserdes_clkdiv_7                                                                                                                                            | CORE_BD/core_wrapper_i/core_i/MemoryBuffer/dimm0_ctrl/u_core_dimm0_ctrl_0_mig/u_memc_ui_top_axi/mem_intfc0/ddr_phy_top0/u_ddr_mc_phy_wrapper/u_ddr_mc_phy/ddr_phy_4lanes_2.u_ddr_phy_4lanes/ddr_byte_lane_D.ddr_byte_lane_D/iserdes_clkdiv       |            10.0 |
| iserdes_clkdiv_8                                                                                                                                            | CORE_BD/core_wrapper_i/core_i/MemoryBuffer/dimm1_ctrl/u_core_dimm1_ctrl_0_mig/u_memc_ui_top_axi/mem_intfc0/ddr_phy_top0/u_ddr_mc_phy_wrapper/u_ddr_mc_phy/ddr_phy_4lanes_0.u_ddr_phy_4lanes/ddr_byte_lane_A.ddr_byte_lane_A/iserdes_clkdiv       |            10.0 |
| iserdes_clkdiv_9                                                                                                                                            | CORE_BD/core_wrapper_i/core_i/MemoryBuffer/dimm1_ctrl/u_core_dimm1_ctrl_0_mig/u_memc_ui_top_axi/mem_intfc0/ddr_phy_top0/u_ddr_mc_phy_wrapper/u_ddr_mc_phy/ddr_phy_4lanes_0.u_ddr_phy_4lanes/ddr_byte_lane_B.ddr_byte_lane_B/iserdes_clkdiv       |            10.0 |
| mem_refclk                                                                                                                                                  | CORE_BD/core_wrapper_i/core_i/MemoryBuffer/dimm0_ctrl/u_core_dimm0_ctrl_0_mig/u_ddr3_infrastructure/mem_refclk                                                                                                                                   |             2.5 |
| mem_refclk_1                                                                                                                                                | CORE_BD/core_wrapper_i/core_i/MemoryBuffer/dimm1_ctrl/u_core_dimm1_ctrl_0_mig/u_ddr3_infrastructure/mem_refclk                                                                                                                                   |             2.5 |
| oserdes_clk                                                                                                                                                 | CORE_BD/core_wrapper_i/core_i/MemoryBuffer/dimm0_ctrl/u_core_dimm0_ctrl_0_mig/u_memc_ui_top_axi/mem_intfc0/ddr_phy_top0/u_ddr_mc_phy_wrapper/u_ddr_mc_phy/ddr_phy_4lanes_0.u_ddr_phy_4lanes/ddr_byte_lane_A.ddr_byte_lane_A/oserdes_clk          |             2.5 |
| oserdes_clk_1                                                                                                                                               | CORE_BD/core_wrapper_i/core_i/MemoryBuffer/dimm0_ctrl/u_core_dimm0_ctrl_0_mig/u_memc_ui_top_axi/mem_intfc0/ddr_phy_top0/u_ddr_mc_phy_wrapper/u_ddr_mc_phy/ddr_phy_4lanes_0.u_ddr_phy_4lanes/ddr_byte_lane_B.ddr_byte_lane_B/oserdes_clk          |             2.5 |
| oserdes_clk_10                                                                                                                                              | CORE_BD/core_wrapper_i/core_i/MemoryBuffer/dimm0_ctrl/u_core_dimm0_ctrl_0_mig/u_memc_ui_top_axi/mem_intfc0/ddr_phy_top0/u_ddr_mc_phy_wrapper/u_ddr_mc_phy/ddr_phy_4lanes_2.u_ddr_phy_4lanes/ddr_byte_lane_D.ddr_byte_lane_D/oserdes_clk          |             2.5 |
| oserdes_clk_11                                                                                                                                              | CORE_BD/core_wrapper_i/core_i/MemoryBuffer/dimm1_ctrl/u_core_dimm1_ctrl_0_mig/u_memc_ui_top_axi/mem_intfc0/ddr_phy_top0/u_ddr_mc_phy_wrapper/u_ddr_mc_phy/ddr_phy_4lanes_0.u_ddr_phy_4lanes/ddr_byte_lane_A.ddr_byte_lane_A/oserdes_clk          |             2.5 |
| oserdes_clk_12                                                                                                                                              | CORE_BD/core_wrapper_i/core_i/MemoryBuffer/dimm1_ctrl/u_core_dimm1_ctrl_0_mig/u_memc_ui_top_axi/mem_intfc0/ddr_phy_top0/u_ddr_mc_phy_wrapper/u_ddr_mc_phy/ddr_phy_4lanes_0.u_ddr_phy_4lanes/ddr_byte_lane_B.ddr_byte_lane_B/oserdes_clk          |             2.5 |
| oserdes_clk_13                                                                                                                                              | CORE_BD/core_wrapper_i/core_i/MemoryBuffer/dimm1_ctrl/u_core_dimm1_ctrl_0_mig/u_memc_ui_top_axi/mem_intfc0/ddr_phy_top0/u_ddr_mc_phy_wrapper/u_ddr_mc_phy/ddr_phy_4lanes_0.u_ddr_phy_4lanes/ddr_byte_lane_C.ddr_byte_lane_C/oserdes_clk          |             2.5 |
| oserdes_clk_14                                                                                                                                              | CORE_BD/core_wrapper_i/core_i/MemoryBuffer/dimm1_ctrl/u_core_dimm1_ctrl_0_mig/u_memc_ui_top_axi/mem_intfc0/ddr_phy_top0/u_ddr_mc_phy_wrapper/u_ddr_mc_phy/ddr_phy_4lanes_0.u_ddr_phy_4lanes/ddr_byte_lane_D.ddr_byte_lane_D/oserdes_clk          |             2.5 |
| oserdes_clk_15                                                                                                                                              | CORE_BD/core_wrapper_i/core_i/MemoryBuffer/dimm1_ctrl/u_core_dimm1_ctrl_0_mig/u_memc_ui_top_axi/mem_intfc0/ddr_phy_top0/u_ddr_mc_phy_wrapper/u_ddr_mc_phy/ddr_phy_4lanes_1.u_ddr_phy_4lanes/ddr_byte_lane_B.ddr_byte_lane_B/oserdes_clk          |             2.5 |
| oserdes_clk_16                                                                                                                                              | CORE_BD/core_wrapper_i/core_i/MemoryBuffer/dimm1_ctrl/u_core_dimm1_ctrl_0_mig/u_memc_ui_top_axi/mem_intfc0/ddr_phy_top0/u_ddr_mc_phy_wrapper/u_ddr_mc_phy/ddr_phy_4lanes_1.u_ddr_phy_4lanes/ddr_byte_lane_C.ddr_byte_lane_C/oserdes_clk          |             2.5 |
| oserdes_clk_17                                                                                                                                              | CORE_BD/core_wrapper_i/core_i/MemoryBuffer/dimm1_ctrl/u_core_dimm1_ctrl_0_mig/u_memc_ui_top_axi/mem_intfc0/ddr_phy_top0/u_ddr_mc_phy_wrapper/u_ddr_mc_phy/ddr_phy_4lanes_1.u_ddr_phy_4lanes/ddr_byte_lane_D.ddr_byte_lane_D/oserdes_clk          |             2.5 |
| oserdes_clk_18                                                                                                                                              | CORE_BD/core_wrapper_i/core_i/MemoryBuffer/dimm1_ctrl/u_core_dimm1_ctrl_0_mig/u_memc_ui_top_axi/mem_intfc0/ddr_phy_top0/u_ddr_mc_phy_wrapper/u_ddr_mc_phy/ddr_phy_4lanes_2.u_ddr_phy_4lanes/ddr_byte_lane_A.ddr_byte_lane_A/oserdes_clk          |             2.5 |
| oserdes_clk_19                                                                                                                                              | CORE_BD/core_wrapper_i/core_i/MemoryBuffer/dimm1_ctrl/u_core_dimm1_ctrl_0_mig/u_memc_ui_top_axi/mem_intfc0/ddr_phy_top0/u_ddr_mc_phy_wrapper/u_ddr_mc_phy/ddr_phy_4lanes_2.u_ddr_phy_4lanes/ddr_byte_lane_B.ddr_byte_lane_B/oserdes_clk          |             2.5 |
| oserdes_clk_2                                                                                                                                               | CORE_BD/core_wrapper_i/core_i/MemoryBuffer/dimm0_ctrl/u_core_dimm0_ctrl_0_mig/u_memc_ui_top_axi/mem_intfc0/ddr_phy_top0/u_ddr_mc_phy_wrapper/u_ddr_mc_phy/ddr_phy_4lanes_0.u_ddr_phy_4lanes/ddr_byte_lane_C.ddr_byte_lane_C/oserdes_clk          |             2.5 |
| oserdes_clk_20                                                                                                                                              | CORE_BD/core_wrapper_i/core_i/MemoryBuffer/dimm1_ctrl/u_core_dimm1_ctrl_0_mig/u_memc_ui_top_axi/mem_intfc0/ddr_phy_top0/u_ddr_mc_phy_wrapper/u_ddr_mc_phy/ddr_phy_4lanes_2.u_ddr_phy_4lanes/ddr_byte_lane_C.ddr_byte_lane_C/oserdes_clk          |             2.5 |
| oserdes_clk_21                                                                                                                                              | CORE_BD/core_wrapper_i/core_i/MemoryBuffer/dimm1_ctrl/u_core_dimm1_ctrl_0_mig/u_memc_ui_top_axi/mem_intfc0/ddr_phy_top0/u_ddr_mc_phy_wrapper/u_ddr_mc_phy/ddr_phy_4lanes_2.u_ddr_phy_4lanes/ddr_byte_lane_D.ddr_byte_lane_D/oserdes_clk          |             2.5 |
| oserdes_clk_3                                                                                                                                               | CORE_BD/core_wrapper_i/core_i/MemoryBuffer/dimm0_ctrl/u_core_dimm0_ctrl_0_mig/u_memc_ui_top_axi/mem_intfc0/ddr_phy_top0/u_ddr_mc_phy_wrapper/u_ddr_mc_phy/ddr_phy_4lanes_0.u_ddr_phy_4lanes/ddr_byte_lane_D.ddr_byte_lane_D/oserdes_clk          |             2.5 |
| oserdes_clk_4                                                                                                                                               | CORE_BD/core_wrapper_i/core_i/MemoryBuffer/dimm0_ctrl/u_core_dimm0_ctrl_0_mig/u_memc_ui_top_axi/mem_intfc0/ddr_phy_top0/u_ddr_mc_phy_wrapper/u_ddr_mc_phy/ddr_phy_4lanes_1.u_ddr_phy_4lanes/ddr_byte_lane_A.ddr_byte_lane_A/oserdes_clk          |             2.5 |
| oserdes_clk_5                                                                                                                                               | CORE_BD/core_wrapper_i/core_i/MemoryBuffer/dimm0_ctrl/u_core_dimm0_ctrl_0_mig/u_memc_ui_top_axi/mem_intfc0/ddr_phy_top0/u_ddr_mc_phy_wrapper/u_ddr_mc_phy/ddr_phy_4lanes_1.u_ddr_phy_4lanes/ddr_byte_lane_B.ddr_byte_lane_B/oserdes_clk          |             2.5 |
| oserdes_clk_6                                                                                                                                               | CORE_BD/core_wrapper_i/core_i/MemoryBuffer/dimm0_ctrl/u_core_dimm0_ctrl_0_mig/u_memc_ui_top_axi/mem_intfc0/ddr_phy_top0/u_ddr_mc_phy_wrapper/u_ddr_mc_phy/ddr_phy_4lanes_1.u_ddr_phy_4lanes/ddr_byte_lane_C.ddr_byte_lane_C/oserdes_clk          |             2.5 |
| oserdes_clk_7                                                                                                                                               | CORE_BD/core_wrapper_i/core_i/MemoryBuffer/dimm0_ctrl/u_core_dimm0_ctrl_0_mig/u_memc_ui_top_axi/mem_intfc0/ddr_phy_top0/u_ddr_mc_phy_wrapper/u_ddr_mc_phy/ddr_phy_4lanes_2.u_ddr_phy_4lanes/ddr_byte_lane_A.ddr_byte_lane_A/oserdes_clk          |             2.5 |
| oserdes_clk_8                                                                                                                                               | CORE_BD/core_wrapper_i/core_i/MemoryBuffer/dimm0_ctrl/u_core_dimm0_ctrl_0_mig/u_memc_ui_top_axi/mem_intfc0/ddr_phy_top0/u_ddr_mc_phy_wrapper/u_ddr_mc_phy/ddr_phy_4lanes_2.u_ddr_phy_4lanes/ddr_byte_lane_B.ddr_byte_lane_B/oserdes_clk          |             2.5 |
| oserdes_clk_9                                                                                                                                               | CORE_BD/core_wrapper_i/core_i/MemoryBuffer/dimm0_ctrl/u_core_dimm0_ctrl_0_mig/u_memc_ui_top_axi/mem_intfc0/ddr_phy_top0/u_ddr_mc_phy_wrapper/u_ddr_mc_phy/ddr_phy_4lanes_2.u_ddr_phy_4lanes/ddr_byte_lane_C.ddr_byte_lane_C/oserdes_clk          |             2.5 |
| oserdes_clkdiv                                                                                                                                              | CORE_BD/core_wrapper_i/core_i/MemoryBuffer/dimm0_ctrl/u_core_dimm0_ctrl_0_mig/u_memc_ui_top_axi/mem_intfc0/ddr_phy_top0/u_ddr_mc_phy_wrapper/u_ddr_mc_phy/ddr_phy_4lanes_0.u_ddr_phy_4lanes/ddr_byte_lane_A.ddr_byte_lane_A/oserdes_clkdiv       |             5.0 |
| oserdes_clkdiv_1                                                                                                                                            | CORE_BD/core_wrapper_i/core_i/MemoryBuffer/dimm0_ctrl/u_core_dimm0_ctrl_0_mig/u_memc_ui_top_axi/mem_intfc0/ddr_phy_top0/u_ddr_mc_phy_wrapper/u_ddr_mc_phy/ddr_phy_4lanes_0.u_ddr_phy_4lanes/ddr_byte_lane_B.ddr_byte_lane_B/oserdes_clkdiv       |             5.0 |
| oserdes_clkdiv_10                                                                                                                                           | CORE_BD/core_wrapper_i/core_i/MemoryBuffer/dimm0_ctrl/u_core_dimm0_ctrl_0_mig/u_memc_ui_top_axi/mem_intfc0/ddr_phy_top0/u_ddr_mc_phy_wrapper/u_ddr_mc_phy/ddr_phy_4lanes_2.u_ddr_phy_4lanes/ddr_byte_lane_D.ddr_byte_lane_D/oserdes_clkdiv       |             5.0 |
| oserdes_clkdiv_11                                                                                                                                           | CORE_BD/core_wrapper_i/core_i/MemoryBuffer/dimm1_ctrl/u_core_dimm1_ctrl_0_mig/u_memc_ui_top_axi/mem_intfc0/ddr_phy_top0/u_ddr_mc_phy_wrapper/u_ddr_mc_phy/ddr_phy_4lanes_0.u_ddr_phy_4lanes/ddr_byte_lane_A.ddr_byte_lane_A/oserdes_clkdiv       |             5.0 |
| oserdes_clkdiv_12                                                                                                                                           | CORE_BD/core_wrapper_i/core_i/MemoryBuffer/dimm1_ctrl/u_core_dimm1_ctrl_0_mig/u_memc_ui_top_axi/mem_intfc0/ddr_phy_top0/u_ddr_mc_phy_wrapper/u_ddr_mc_phy/ddr_phy_4lanes_0.u_ddr_phy_4lanes/ddr_byte_lane_B.ddr_byte_lane_B/oserdes_clkdiv       |             5.0 |
| oserdes_clkdiv_13                                                                                                                                           | CORE_BD/core_wrapper_i/core_i/MemoryBuffer/dimm1_ctrl/u_core_dimm1_ctrl_0_mig/u_memc_ui_top_axi/mem_intfc0/ddr_phy_top0/u_ddr_mc_phy_wrapper/u_ddr_mc_phy/ddr_phy_4lanes_0.u_ddr_phy_4lanes/ddr_byte_lane_C.ddr_byte_lane_C/oserdes_clkdiv       |             5.0 |
| oserdes_clkdiv_14                                                                                                                                           | CORE_BD/core_wrapper_i/core_i/MemoryBuffer/dimm1_ctrl/u_core_dimm1_ctrl_0_mig/u_memc_ui_top_axi/mem_intfc0/ddr_phy_top0/u_ddr_mc_phy_wrapper/u_ddr_mc_phy/ddr_phy_4lanes_0.u_ddr_phy_4lanes/ddr_byte_lane_D.ddr_byte_lane_D/oserdes_clkdiv       |             5.0 |
| oserdes_clkdiv_15                                                                                                                                           | CORE_BD/core_wrapper_i/core_i/MemoryBuffer/dimm1_ctrl/u_core_dimm1_ctrl_0_mig/u_memc_ui_top_axi/mem_intfc0/ddr_phy_top0/u_ddr_mc_phy_wrapper/u_ddr_mc_phy/ddr_phy_4lanes_1.u_ddr_phy_4lanes/ddr_byte_lane_B.ddr_byte_lane_B/oserdes_clkdiv       |            10.0 |
| oserdes_clkdiv_16                                                                                                                                           | CORE_BD/core_wrapper_i/core_i/MemoryBuffer/dimm1_ctrl/u_core_dimm1_ctrl_0_mig/u_memc_ui_top_axi/mem_intfc0/ddr_phy_top0/u_ddr_mc_phy_wrapper/u_ddr_mc_phy/ddr_phy_4lanes_1.u_ddr_phy_4lanes/ddr_byte_lane_C.ddr_byte_lane_C/oserdes_clkdiv       |            10.0 |
| oserdes_clkdiv_17                                                                                                                                           | CORE_BD/core_wrapper_i/core_i/MemoryBuffer/dimm1_ctrl/u_core_dimm1_ctrl_0_mig/u_memc_ui_top_axi/mem_intfc0/ddr_phy_top0/u_ddr_mc_phy_wrapper/u_ddr_mc_phy/ddr_phy_4lanes_1.u_ddr_phy_4lanes/ddr_byte_lane_D.ddr_byte_lane_D/oserdes_clkdiv       |            10.0 |
| oserdes_clkdiv_18                                                                                                                                           | CORE_BD/core_wrapper_i/core_i/MemoryBuffer/dimm1_ctrl/u_core_dimm1_ctrl_0_mig/u_memc_ui_top_axi/mem_intfc0/ddr_phy_top0/u_ddr_mc_phy_wrapper/u_ddr_mc_phy/ddr_phy_4lanes_2.u_ddr_phy_4lanes/ddr_byte_lane_A.ddr_byte_lane_A/oserdes_clkdiv       |             5.0 |
| oserdes_clkdiv_19                                                                                                                                           | CORE_BD/core_wrapper_i/core_i/MemoryBuffer/dimm1_ctrl/u_core_dimm1_ctrl_0_mig/u_memc_ui_top_axi/mem_intfc0/ddr_phy_top0/u_ddr_mc_phy_wrapper/u_ddr_mc_phy/ddr_phy_4lanes_2.u_ddr_phy_4lanes/ddr_byte_lane_B.ddr_byte_lane_B/oserdes_clkdiv       |             5.0 |
| oserdes_clkdiv_2                                                                                                                                            | CORE_BD/core_wrapper_i/core_i/MemoryBuffer/dimm0_ctrl/u_core_dimm0_ctrl_0_mig/u_memc_ui_top_axi/mem_intfc0/ddr_phy_top0/u_ddr_mc_phy_wrapper/u_ddr_mc_phy/ddr_phy_4lanes_0.u_ddr_phy_4lanes/ddr_byte_lane_C.ddr_byte_lane_C/oserdes_clkdiv       |             5.0 |
| oserdes_clkdiv_20                                                                                                                                           | CORE_BD/core_wrapper_i/core_i/MemoryBuffer/dimm1_ctrl/u_core_dimm1_ctrl_0_mig/u_memc_ui_top_axi/mem_intfc0/ddr_phy_top0/u_ddr_mc_phy_wrapper/u_ddr_mc_phy/ddr_phy_4lanes_2.u_ddr_phy_4lanes/ddr_byte_lane_C.ddr_byte_lane_C/oserdes_clkdiv       |             5.0 |
| oserdes_clkdiv_21                                                                                                                                           | CORE_BD/core_wrapper_i/core_i/MemoryBuffer/dimm1_ctrl/u_core_dimm1_ctrl_0_mig/u_memc_ui_top_axi/mem_intfc0/ddr_phy_top0/u_ddr_mc_phy_wrapper/u_ddr_mc_phy/ddr_phy_4lanes_2.u_ddr_phy_4lanes/ddr_byte_lane_D.ddr_byte_lane_D/oserdes_clkdiv       |             5.0 |
| oserdes_clkdiv_3                                                                                                                                            | CORE_BD/core_wrapper_i/core_i/MemoryBuffer/dimm0_ctrl/u_core_dimm0_ctrl_0_mig/u_memc_ui_top_axi/mem_intfc0/ddr_phy_top0/u_ddr_mc_phy_wrapper/u_ddr_mc_phy/ddr_phy_4lanes_0.u_ddr_phy_4lanes/ddr_byte_lane_D.ddr_byte_lane_D/oserdes_clkdiv       |             5.0 |
| oserdes_clkdiv_4                                                                                                                                            | CORE_BD/core_wrapper_i/core_i/MemoryBuffer/dimm0_ctrl/u_core_dimm0_ctrl_0_mig/u_memc_ui_top_axi/mem_intfc0/ddr_phy_top0/u_ddr_mc_phy_wrapper/u_ddr_mc_phy/ddr_phy_4lanes_1.u_ddr_phy_4lanes/ddr_byte_lane_A.ddr_byte_lane_A/oserdes_clkdiv       |            10.0 |
| oserdes_clkdiv_5                                                                                                                                            | CORE_BD/core_wrapper_i/core_i/MemoryBuffer/dimm0_ctrl/u_core_dimm0_ctrl_0_mig/u_memc_ui_top_axi/mem_intfc0/ddr_phy_top0/u_ddr_mc_phy_wrapper/u_ddr_mc_phy/ddr_phy_4lanes_1.u_ddr_phy_4lanes/ddr_byte_lane_B.ddr_byte_lane_B/oserdes_clkdiv       |            10.0 |
| oserdes_clkdiv_6                                                                                                                                            | CORE_BD/core_wrapper_i/core_i/MemoryBuffer/dimm0_ctrl/u_core_dimm0_ctrl_0_mig/u_memc_ui_top_axi/mem_intfc0/ddr_phy_top0/u_ddr_mc_phy_wrapper/u_ddr_mc_phy/ddr_phy_4lanes_1.u_ddr_phy_4lanes/ddr_byte_lane_C.ddr_byte_lane_C/oserdes_clkdiv       |            10.0 |
| oserdes_clkdiv_7                                                                                                                                            | CORE_BD/core_wrapper_i/core_i/MemoryBuffer/dimm0_ctrl/u_core_dimm0_ctrl_0_mig/u_memc_ui_top_axi/mem_intfc0/ddr_phy_top0/u_ddr_mc_phy_wrapper/u_ddr_mc_phy/ddr_phy_4lanes_2.u_ddr_phy_4lanes/ddr_byte_lane_A.ddr_byte_lane_A/oserdes_clkdiv       |             5.0 |
| oserdes_clkdiv_8                                                                                                                                            | CORE_BD/core_wrapper_i/core_i/MemoryBuffer/dimm0_ctrl/u_core_dimm0_ctrl_0_mig/u_memc_ui_top_axi/mem_intfc0/ddr_phy_top0/u_ddr_mc_phy_wrapper/u_ddr_mc_phy/ddr_phy_4lanes_2.u_ddr_phy_4lanes/ddr_byte_lane_B.ddr_byte_lane_B/oserdes_clkdiv       |             5.0 |
| oserdes_clkdiv_9                                                                                                                                            | CORE_BD/core_wrapper_i/core_i/MemoryBuffer/dimm0_ctrl/u_core_dimm0_ctrl_0_mig/u_memc_ui_top_axi/mem_intfc0/ddr_phy_top0/u_ddr_mc_phy_wrapper/u_ddr_mc_phy/ddr_phy_4lanes_2.u_ddr_phy_4lanes/ddr_byte_lane_C.ddr_byte_lane_C/oserdes_clkdiv       |             5.0 |
| pll_clk3_out                                                                                                                                                | CORE_BD/core_wrapper_i/core_i/MemoryBuffer/dimm0_ctrl/u_core_dimm0_ctrl_0_mig/u_ddr3_infrastructure/pll_clk3_out                                                                                                                                 |            10.0 |
| pll_clk3_out_1                                                                                                                                              | CORE_BD/core_wrapper_i/core_i/MemoryBuffer/dimm1_ctrl/u_core_dimm1_ctrl_0_mig/u_ddr3_infrastructure/pll_clk3_out                                                                                                                                 |            10.0 |
| pll_clkfbout                                                                                                                                                | CORE_BD/core_wrapper_i/core_i/MemoryBuffer/dimm0_ctrl/u_core_dimm0_ctrl_0_mig/u_ddr3_infrastructure/pll_clkfbout                                                                                                                                 |             5.0 |
| pll_clkfbout_1                                                                                                                                              | CORE_BD/core_wrapper_i/core_i/MemoryBuffer/dimm1_ctrl/u_core_dimm1_ctrl_0_mig/u_ddr3_infrastructure/pll_clkfbout                                                                                                                                 |             5.0 |
| sync_clk_i                                                                                                                                                  | MGT/MGT/EXP_CLOCK/U1/sync_clk_i                                                                                                                                                                                                                  |             5.1 |
| sync_pulse                                                                                                                                                  | CORE_BD/core_wrapper_i/core_i/MemoryBuffer/dimm0_ctrl/u_core_dimm0_ctrl_0_mig/u_ddr3_infrastructure/sync_pulse                                                                                                                                   |            40.0 |
| sync_pulse_1                                                                                                                                                | CORE_BD/core_wrapper_i/core_i/MemoryBuffer/dimm1_ctrl/u_core_dimm1_ctrl_0_mig/u_ddr3_infrastructure/sync_pulse                                                                                                                                   |            40.0 |
| u_memc_ui_top_axi/mem_intfc0/ddr_phy_top0/u_ddr_mc_phy_wrapper/u_ddr_mc_phy/ddr_phy_4lanes_0.u_ddr_phy_4lanes/ddr_byte_lane_A.ddr_byte_lane_A/iserdes_clk   | CORE_BD/core_wrapper_i/core_i/MemoryBuffer/dimm0_ctrl/u_core_dimm0_ctrl_0_mig/u_memc_ui_top_axi/mem_intfc0/ddr_phy_top0/u_ddr_mc_phy_wrapper/u_ddr_mc_phy/ddr_phy_4lanes_0.u_ddr_phy_4lanes/ddr_byte_lane_A.ddr_byte_lane_A/A_rst_primitives_reg |             2.5 |
| u_memc_ui_top_axi/mem_intfc0/ddr_phy_top0/u_ddr_mc_phy_wrapper/u_ddr_mc_phy/ddr_phy_4lanes_0.u_ddr_phy_4lanes/ddr_byte_lane_A.ddr_byte_lane_A/iserdes_clk_1 | CORE_BD/core_wrapper_i/core_i/MemoryBuffer/dimm1_ctrl/u_core_dimm1_ctrl_0_mig/u_memc_ui_top_axi/mem_intfc0/ddr_phy_top0/u_ddr_mc_phy_wrapper/u_ddr_mc_phy/ddr_phy_4lanes_0.u_ddr_phy_4lanes/ddr_byte_lane_A.ddr_byte_lane_A/A_rst_primitives_reg |             2.5 |
| u_memc_ui_top_axi/mem_intfc0/ddr_phy_top0/u_ddr_mc_phy_wrapper/u_ddr_mc_phy/ddr_phy_4lanes_0.u_ddr_phy_4lanes/ddr_byte_lane_B.ddr_byte_lane_B/iserdes_clk   | CORE_BD/core_wrapper_i/core_i/MemoryBuffer/dimm0_ctrl/u_core_dimm0_ctrl_0_mig/u_memc_ui_top_axi/mem_intfc0/ddr_phy_top0/u_ddr_mc_phy_wrapper/u_ddr_mc_phy/ddr_phy_4lanes_0.u_ddr_phy_4lanes/ddr_byte_lane_B.ddr_byte_lane_B/A_rst_primitives_reg |             2.5 |
| u_memc_ui_top_axi/mem_intfc0/ddr_phy_top0/u_ddr_mc_phy_wrapper/u_ddr_mc_phy/ddr_phy_4lanes_0.u_ddr_phy_4lanes/ddr_byte_lane_B.ddr_byte_lane_B/iserdes_clk_1 | CORE_BD/core_wrapper_i/core_i/MemoryBuffer/dimm1_ctrl/u_core_dimm1_ctrl_0_mig/u_memc_ui_top_axi/mem_intfc0/ddr_phy_top0/u_ddr_mc_phy_wrapper/u_ddr_mc_phy/ddr_phy_4lanes_0.u_ddr_phy_4lanes/ddr_byte_lane_B.ddr_byte_lane_B/A_rst_primitives_reg |             2.5 |
| u_memc_ui_top_axi/mem_intfc0/ddr_phy_top0/u_ddr_mc_phy_wrapper/u_ddr_mc_phy/ddr_phy_4lanes_0.u_ddr_phy_4lanes/ddr_byte_lane_C.ddr_byte_lane_C/iserdes_clk   | CORE_BD/core_wrapper_i/core_i/MemoryBuffer/dimm0_ctrl/u_core_dimm0_ctrl_0_mig/u_memc_ui_top_axi/mem_intfc0/ddr_phy_top0/u_ddr_mc_phy_wrapper/u_ddr_mc_phy/ddr_phy_4lanes_0.u_ddr_phy_4lanes/ddr_byte_lane_C.ddr_byte_lane_C/A_rst_primitives_reg |             2.5 |
| u_memc_ui_top_axi/mem_intfc0/ddr_phy_top0/u_ddr_mc_phy_wrapper/u_ddr_mc_phy/ddr_phy_4lanes_0.u_ddr_phy_4lanes/ddr_byte_lane_C.ddr_byte_lane_C/iserdes_clk_1 | CORE_BD/core_wrapper_i/core_i/MemoryBuffer/dimm1_ctrl/u_core_dimm1_ctrl_0_mig/u_memc_ui_top_axi/mem_intfc0/ddr_phy_top0/u_ddr_mc_phy_wrapper/u_ddr_mc_phy/ddr_phy_4lanes_0.u_ddr_phy_4lanes/ddr_byte_lane_C.ddr_byte_lane_C/A_rst_primitives_reg |             2.5 |
| u_memc_ui_top_axi/mem_intfc0/ddr_phy_top0/u_ddr_mc_phy_wrapper/u_ddr_mc_phy/ddr_phy_4lanes_0.u_ddr_phy_4lanes/ddr_byte_lane_D.ddr_byte_lane_D/iserdes_clk   | CORE_BD/core_wrapper_i/core_i/MemoryBuffer/dimm0_ctrl/u_core_dimm0_ctrl_0_mig/u_memc_ui_top_axi/mem_intfc0/ddr_phy_top0/u_ddr_mc_phy_wrapper/u_ddr_mc_phy/ddr_phy_4lanes_0.u_ddr_phy_4lanes/ddr_byte_lane_D.ddr_byte_lane_D/A_rst_primitives_reg |             2.5 |
| u_memc_ui_top_axi/mem_intfc0/ddr_phy_top0/u_ddr_mc_phy_wrapper/u_ddr_mc_phy/ddr_phy_4lanes_0.u_ddr_phy_4lanes/ddr_byte_lane_D.ddr_byte_lane_D/iserdes_clk_1 | CORE_BD/core_wrapper_i/core_i/MemoryBuffer/dimm1_ctrl/u_core_dimm1_ctrl_0_mig/u_memc_ui_top_axi/mem_intfc0/ddr_phy_top0/u_ddr_mc_phy_wrapper/u_ddr_mc_phy/ddr_phy_4lanes_0.u_ddr_phy_4lanes/ddr_byte_lane_D.ddr_byte_lane_D/A_rst_primitives_reg |             2.5 |
| u_memc_ui_top_axi/mem_intfc0/ddr_phy_top0/u_ddr_mc_phy_wrapper/u_ddr_mc_phy/ddr_phy_4lanes_2.u_ddr_phy_4lanes/ddr_byte_lane_A.ddr_byte_lane_A/iserdes_clk   | CORE_BD/core_wrapper_i/core_i/MemoryBuffer/dimm0_ctrl/u_core_dimm0_ctrl_0_mig/u_memc_ui_top_axi/mem_intfc0/ddr_phy_top0/u_ddr_mc_phy_wrapper/u_ddr_mc_phy/ddr_phy_4lanes_2.u_ddr_phy_4lanes/ddr_byte_lane_A.ddr_byte_lane_A/A_rst_primitives_reg |             2.5 |
| u_memc_ui_top_axi/mem_intfc0/ddr_phy_top0/u_ddr_mc_phy_wrapper/u_ddr_mc_phy/ddr_phy_4lanes_2.u_ddr_phy_4lanes/ddr_byte_lane_A.ddr_byte_lane_A/iserdes_clk_1 | CORE_BD/core_wrapper_i/core_i/MemoryBuffer/dimm1_ctrl/u_core_dimm1_ctrl_0_mig/u_memc_ui_top_axi/mem_intfc0/ddr_phy_top0/u_ddr_mc_phy_wrapper/u_ddr_mc_phy/ddr_phy_4lanes_2.u_ddr_phy_4lanes/ddr_byte_lane_A.ddr_byte_lane_A/A_rst_primitives_reg |             2.5 |
| u_memc_ui_top_axi/mem_intfc0/ddr_phy_top0/u_ddr_mc_phy_wrapper/u_ddr_mc_phy/ddr_phy_4lanes_2.u_ddr_phy_4lanes/ddr_byte_lane_B.ddr_byte_lane_B/iserdes_clk   | CORE_BD/core_wrapper_i/core_i/MemoryBuffer/dimm0_ctrl/u_core_dimm0_ctrl_0_mig/u_memc_ui_top_axi/mem_intfc0/ddr_phy_top0/u_ddr_mc_phy_wrapper/u_ddr_mc_phy/ddr_phy_4lanes_2.u_ddr_phy_4lanes/ddr_byte_lane_B.ddr_byte_lane_B/A_rst_primitives_reg |             2.5 |
| u_memc_ui_top_axi/mem_intfc0/ddr_phy_top0/u_ddr_mc_phy_wrapper/u_ddr_mc_phy/ddr_phy_4lanes_2.u_ddr_phy_4lanes/ddr_byte_lane_B.ddr_byte_lane_B/iserdes_clk_1 | CORE_BD/core_wrapper_i/core_i/MemoryBuffer/dimm1_ctrl/u_core_dimm1_ctrl_0_mig/u_memc_ui_top_axi/mem_intfc0/ddr_phy_top0/u_ddr_mc_phy_wrapper/u_ddr_mc_phy/ddr_phy_4lanes_2.u_ddr_phy_4lanes/ddr_byte_lane_B.ddr_byte_lane_B/A_rst_primitives_reg |             2.5 |
| u_memc_ui_top_axi/mem_intfc0/ddr_phy_top0/u_ddr_mc_phy_wrapper/u_ddr_mc_phy/ddr_phy_4lanes_2.u_ddr_phy_4lanes/ddr_byte_lane_C.ddr_byte_lane_C/iserdes_clk   | CORE_BD/core_wrapper_i/core_i/MemoryBuffer/dimm0_ctrl/u_core_dimm0_ctrl_0_mig/u_memc_ui_top_axi/mem_intfc0/ddr_phy_top0/u_ddr_mc_phy_wrapper/u_ddr_mc_phy/ddr_phy_4lanes_2.u_ddr_phy_4lanes/ddr_byte_lane_C.ddr_byte_lane_C/A_rst_primitives_reg |             2.5 |
| u_memc_ui_top_axi/mem_intfc0/ddr_phy_top0/u_ddr_mc_phy_wrapper/u_ddr_mc_phy/ddr_phy_4lanes_2.u_ddr_phy_4lanes/ddr_byte_lane_C.ddr_byte_lane_C/iserdes_clk_1 | CORE_BD/core_wrapper_i/core_i/MemoryBuffer/dimm1_ctrl/u_core_dimm1_ctrl_0_mig/u_memc_ui_top_axi/mem_intfc0/ddr_phy_top0/u_ddr_mc_phy_wrapper/u_ddr_mc_phy/ddr_phy_4lanes_2.u_ddr_phy_4lanes/ddr_byte_lane_C.ddr_byte_lane_C/A_rst_primitives_reg |             2.5 |
| u_memc_ui_top_axi/mem_intfc0/ddr_phy_top0/u_ddr_mc_phy_wrapper/u_ddr_mc_phy/ddr_phy_4lanes_2.u_ddr_phy_4lanes/ddr_byte_lane_D.ddr_byte_lane_D/iserdes_clk   | CORE_BD/core_wrapper_i/core_i/MemoryBuffer/dimm0_ctrl/u_core_dimm0_ctrl_0_mig/u_memc_ui_top_axi/mem_intfc0/ddr_phy_top0/u_ddr_mc_phy_wrapper/u_ddr_mc_phy/ddr_phy_4lanes_2.u_ddr_phy_4lanes/ddr_byte_lane_D.ddr_byte_lane_D/A_rst_primitives_reg |             2.5 |
| u_memc_ui_top_axi/mem_intfc0/ddr_phy_top0/u_ddr_mc_phy_wrapper/u_ddr_mc_phy/ddr_phy_4lanes_2.u_ddr_phy_4lanes/ddr_byte_lane_D.ddr_byte_lane_D/iserdes_clk_1 | CORE_BD/core_wrapper_i/core_i/MemoryBuffer/dimm1_ctrl/u_core_dimm1_ctrl_0_mig/u_memc_ui_top_axi/mem_intfc0/ddr_phy_top0/u_ddr_mc_phy_wrapper/u_ddr_mc_phy/ddr_phy_4lanes_2.u_ddr_phy_4lanes/ddr_byte_lane_D.ddr_byte_lane_D/A_rst_primitives_reg |             2.5 |
| user_clk_i                                                                                                                                                  | MGT/MGT/EXP_CLOCK/U1/user_clk_i                                                                                                                                                                                                                  |            10.2 |
+-------------------------------------------------------------------------------------------------------------------------------------------------------------+--------------------------------------------------------------------------------------------------------------------------------------------------------------------------------------------------------------------------------------------------+-----------------+


3. Detailed Reports
-------------------

3.1 By Hierarchy
----------------

+--------------------------------------------------+-----------+
| Name                                             | Power (W) |
+--------------------------------------------------+-----------+
| fir_257_top                                      |     4.662 |
|   AXIL_DEMUX                                     |     0.001 |
|   CORE_BD                                        |     3.840 |
|     core_wrapper_i                               |     3.840 |
|       core_i                                     |     3.840 |
|   MGT                                            |     0.778 |
|     MGT                                          |     0.759 |
|       EXP                                        |     0.637 |
|       EXP_CLOCK                                  |     0.118 |
|       U1                                         |     0.003 |
|     TO_PROC_FIFO                                 |     0.007 |
|       agen_d16.t_axi4_stream64_afifo_d16_inst    |     0.007 |
|     U3                                           |     0.013 |
|       agen_d512.t_axi4_stream128_afifo_d512_inst |     0.013 |
|   U1                                             |     0.034 |
|     U2                                           |     0.034 |
|       BUF_CTRL                                   |     0.001 |
|       FSM                                        |     0.014 |
|       U13                                        |     0.005 |
|       U2                                         |     0.007 |
|       U5                                         |     0.001 |
|       U9                                         |     0.006 |
+--------------------------------------------------+-----------+


